"","Bacteria","Archaea"
"X206657",9767.0,0.0
"X206658",7665.0,0.0
"X206704",6342.0,0.0
"X206703",4369.0,0.0
"X206753",10176.0,0.0
"X206752",10241.0,0.0
"X206711",10574.0,0.0
"X206710",10475.0,0.0
"X206719",8058.0,0.0
"X206718",4817.0,0.0
"X206726",8235.0,0.0
"X206725",11295.0,0.0
"X206730",4711.0,0.0
"X206729",9014.0,0.0
"X206739",12630.0,0.0
"X206738",8556.0,0.0
"X206741",8497.0,0.0
"X206740",5760.0,0.0
"X206742",6596.0,45.0
"X206743",4085.0,23.0
"X224324",5497.0,0.0
"X224323",6476.0,0.0
"X215004",173.0,0.0
"X215003",1614.0,0.0
"X215008",1784.0,0.0
"X215007",4355.0,0.0
"X215010",7520.0,0.0
"X215009",6994.0,0.0
"X215049",81.0,0.0
"X215048",3708.0,0.0
"X215056",5792.0,14.0
"X215055",5499.0,6.0
"X215058",5268.0,7.0
"X215057",8903.0,13.0
"X215074",1568.0,0.0
"X215077",4280.0,0.0
"X222170",982.0,0.0
"X222171",2277.0,0.0
"X224844",5514.0,0.0
"X224845",11128.0,0.0
"X219652",9886.0,0.0
"X219651",10540.0,0.0
"X219656",3771.0,0.0
"X219655",10442.0,0.0
"X219657",13248.0,0.0
"X219658",575.0,0.0
